Collecting data...
    Problem Size     |       Tile Shape       |             Execution              |       Result      
     M      N      K |   BM   BN   BK GROUP_M | WARPS STAGES CTAS  WS FLAT SUBTILE | iters  warmup        ms   TFLOPs
---------------------------------------------------------------------------------------------------------------------
 32768  32768   4096 |  128  256   64       8 |     8      3    1   0    0       0 |    10       2   12.3655   711.34
 32768  32768   4096 |  128  256   64       8 |     8      3    1   0    1       0 |    10       2   12.2222   719.68
 32768  32768   4096 |  128  256   64       8 |     8      3    1   1    0       0 |    10       2   12.0811   728.09
 32768  32768   4096 |  128  256   64       8 |     8      3    1   1    0       1 |    10       2   12.4587   706.02
 32768  32768   4096 |  128  256   64       8 |     8      4    1   1    0       1 |    10       2   12.2693   716.92
 32768  32768   4096 |  128  256   64       8 |     8      3    1   1    1       0 |    10       2   12.3165   714.17
 32768  32768   4096 |  128  256   64       8 |     8      3    1   1    1       1 |    10       2   11.8940   739.54
Generating '/tmp/nsys-report-039c.qdstrm'
[1/8] [========================100%] report11.nsys-rep
[2/8] [========================100%] report11.sqlite
[3/8] Executing 'nvtx_sum' stats report
SKIPPED: /home/tiger/triton/report11.sqlite does not contain NV Tools Extension (NVTX) data.
[4/8] Executing 'osrt_sum' stats report

 Time (%)  Total Time (ns)  Num Calls     Avg (ns)         Med (ns)        Min (ns)       Max (ns)     StdDev (ns)            Name         
 --------  ---------------  ---------  ---------------  ---------------  -------------  -------------  ------------  ----------------------
     52.8   19,592,504,478        204     96,041,688.6    100,136,067.5          3,409    465,416,925  34,249,620.4  poll                  
     43.1   16,000,843,118          8  2,000,105,389.8  2,000,097,598.5  2,000,092,992  2,000,134,111      16,857.4  clock_nanosleep       
      1.9      722,830,518      2,124        340,315.7         17,917.0          1,049     80,872,345   2,149,193.5  ioctl                 
      1.8      655,294,005      2,931        223,573.5          6,294.0          1,001    151,337,522   4,759,089.7  read                  
      0.1       40,496,567          8      5,062,070.9      5,060,558.0      5,058,963      5,071,374       4,098.9  nanosleep             
      0.1       35,832,462        199        180,062.6          1,589.0          1,003     12,003,136   1,434,437.0  fopen                 
      0.1       32,433,692      2,121         15,291.7          4,105.0          1,065      8,093,719     279,837.6  open64                
      0.0       14,819,743      6,630          2,235.3          1,873.0          1,000         51,887       1,638.4  stat64                
      0.0        6,989,358      1,519          4,601.3          3,860.0          1,716         34,945       2,410.8  munmap                
      0.0        6,841,880      1,605          4,262.9          2,315.0          1,744      1,840,591      46,202.8  mmap64                
      0.0        6,157,003         91         67,659.4         65,718.0         31,529        297,455      25,679.9  sleep                 
      0.0        1,084,659        108         10,043.1          8,420.5          1,060         46,359       6,742.4  fgets                 
      0.0          938,910        476          1,972.5          1,853.5          1,000         18,245       1,469.7  close                 
      0.0          895,067         11         81,369.7         55,699.0         24,703        220,143      71,712.9  sem_timedwait         
      0.0          764,266        582          1,313.2          1,081.5          1,000         14,000       1,065.6  lstat64               
      0.0          418,017          2        209,008.5        209,008.5        196,452        221,565      17,757.6  pthread_create        
      0.0          278,940          4         69,735.0         41,834.5         31,567        163,704      62,928.1  waitpid               
      0.0          235,384         21         11,208.8          7,987.0          1,132         64,387      13,334.3  mmap                  
      0.0          228,130        185          1,233.1          1,106.0          1,001         10,868         802.3  fstat64               
      0.0          117,089          1        117,089.0        117,089.0        117,089        117,089           0.0  pthread_cond_wait     
      0.0          100,306         13          7,715.8          6,181.0          3,687         26,139       5,950.9  write                 
      0.0           80,233         12          6,686.1          7,093.5          1,247         18,160       4,709.0  open                  
      0.0           71,604          1         71,604.0         71,604.0         71,604         71,604           0.0  mprotect              
      0.0           68,557         29          2,364.0          1,814.0          1,059          8,173       1,685.7  fclose                
      0.0           66,219         11          6,019.9          5,168.0          2,380          9,841       2,291.0  pipe2                 
      0.0           60,205          4         15,051.3         15,424.0         12,760         16,597       1,833.1  close_range           
      0.0           55,658          8          6,957.3          2,858.0          1,098         23,825       8,868.7  fopen64               
      0.0           17,453          3          5,817.7          5,642.0          1,688         10,123       4,220.2  stat                  
      0.0           13,262          2          6,631.0          6,631.0          6,412          6,850         309.7  socket                
      0.0           12,285          1         12,285.0         12,285.0         12,285         12,285           0.0  connect               
      0.0           11,231          2          5,615.5          5,615.5          2,393          8,838       4,557.3  fread                 
      0.0            9,787          2          4,893.5          4,893.5          2,945          6,842       2,755.6  pthread_cond_signal   
      0.0            8,607          1          8,607.0          8,607.0          8,607          8,607           0.0  pthread_cond_broadcast
      0.0            6,022          4          1,505.5          1,504.0          1,380          1,634         142.7  dup2                  
      0.0            5,457          2          2,728.5          2,728.5          1,527          3,930       1,699.2  fwrite                
      0.0            5,068          1          5,068.0          5,068.0          5,068          5,068           0.0  pread                 
      0.0            4,962          1          4,962.0          4,962.0          4,962          4,962           0.0  lstat                 
      0.0            4,507          1          4,507.0          4,507.0          4,507          4,507           0.0  bind                  
      0.0            4,219          2          2,109.5          2,109.5          1,913          2,306         277.9  sigaction             
      0.0            3,750          3          1,250.0          1,299.0          1,070          1,381         161.2  fflush                

[5/8] Executing 'cuda_api_sum' stats report

 Time (%)  Total Time (ns)  Num Calls   Avg (ns)      Med (ns)    Min (ns)    Max (ns)   StdDev (ns)                Name               
 --------  ---------------  ---------  -----------  ------------  ---------  ----------  -----------  ---------------------------------
     70.3      565,694,781         96  5,892,654.0   6,725,788.5     56,581   8,230,480  2,698,926.3  cuModuleLoadData                 
     22.8      183,084,675         30  6,102,822.5  10,451,972.0      3,156  12,703,411  5,825,969.5  cudaDeviceSynchronize            
      3.6       29,131,944         16  1,820,746.5   1,502,905.0  1,392,571   4,194,807    739,193.4  cudaGetDeviceProperties_v2_v12000
      2.8       22,161,100          5  4,432,220.0   1,691,494.0      8,704  10,589,689  5,338,376.1  cudaLaunchKernel                 
      0.3        2,112,271         96     22,002.8      19,383.0     18,207      61,438      8,049.5  cuLaunchKernelEx                 
      0.2        1,529,891          5    305,978.2     234,593.0    227,116     555,051    140,836.2  cudaMalloc                       
      0.0          171,072         16     10,692.0      10,613.5      9,053      13,990      1,172.3  cudaEventRecordWithFlags_v11010  
      0.0           91,787         16      5,736.7       5,442.5      4,814       7,663        814.2  cudaEventCreateWithFlags         
      0.0           62,297         25      2,491.9       1,993.0        287      14,557      2,773.8  cudaStreamIsCapturing_v10000     
      0.0           56,985         16      3,561.6       3,292.0      1,655       6,374      1,862.5  cudaEventQuery                   
      0.0           24,772         16      1,548.3       1,350.5        489       4,143      1,116.8  cudaEventDestroy                 
      0.0            1,383          1      1,383.0       1,383.0      1,383       1,383          0.0  cuModuleGetLoadingMode           

[6/8] Executing 'cuda_gpu_kern_sum' stats report

 Time (%)  Total Time (ns)  Instances    Avg (ns)      Med (ns)     Min (ns)    Max (ns)   StdDev (ns)                                                  Name                                                
 --------  ---------------  ---------  ------------  ------------  ----------  ----------  -----------  ----------------------------------------------------------------------------------------------------
     25.1      277,197,278         24  11,549,886.6  11,707,847.0  10,613,427  12,413,344    698,511.8  matmul_kernel_tma__BM128_BN256_BK64_GM8_WARP8_STG3_CTA1_WS0_FLATTEN0_SUB0                           
     12.7      140,028,342         12  11,669,028.5  12,122,197.5  10,615,508  12,501,186    798,842.0  matmul_kernel_tma__BM128_BN256_BK64_GM8_WARP8_STG3_CTA1_WS1_FLATTEN0_SUB1                           
     12.5      137,983,566         12  11,498,630.5  11,783,273.0  10,529,014  12,355,683    882,821.0  matmul_kernel_tma__BM128_BN256_BK64_GM8_WARP8_STG3_CTA1_WS1_FLATTEN1_SUB0                           
     12.5      137,825,069         12  11,485,422.4  11,499,819.5  10,639,765  12,322,467    833,009.4  matmul_kernel_tma__BM128_BN256_BK64_GM8_WARP8_STG4_CTA1_WS1_FLATTEN0_SUB1                           
     12.4      137,199,046         12  11,433,253.8  11,645,544.5  10,489,557  12,350,690    857,712.4  matmul_kernel_tma__BM128_BN256_BK64_GM8_WARP8_STG3_CTA1_WS0_FLATTEN1_SUB0                           
     12.4      136,384,854         12  11,365,404.5  11,207,022.0  10,638,324  12,284,771    573,695.3  matmul_kernel_tma__BM128_BN256_BK64_GM8_WARP8_STG3_CTA1_WS1_FLATTEN0_SUB0                           
     12.1      133,559,839         12  11,129,986.6  10,510,678.5  10,499,126  12,797,600    962,696.1  matmul_kernel_tma__BM128_BN256_BK64_GM8_WARP8_STG3_CTA1_WS1_FLATTEN1_SUB1                           
      0.1        1,042,805          1   1,042,805.0   1,042,805.0   1,042,805   1,042,805          0.0  void at::native::elementwise_kernel<(int)128, (int)4, void at::native::gpu_kernel_impl_nocast<at::n…
      0.1          612,762          2     306,381.0     306,381.0     305,053     307,709      1,878.1  void at::native::<unnamed>::distribution_elementwise_grid_stride_kernel<float, (int)4, void at::nat…
      0.0          358,300          2     179,150.0     179,150.0     178,686     179,614        656.2  void at::native::vectorized_elementwise_kernel<(int)8, at::native::AUnaryFunctor<c10::BFloat16, c10…

[7/8] Executing 'cuda_gpu_mem_time_sum' stats report
SKIPPED: /home/tiger/triton/report11.sqlite does not contain GPU memory data.
[8/8] Executing 'cuda_gpu_mem_size_sum' stats report
SKIPPED: /home/tiger/triton/report11.sqlite does not contain GPU memory data.
Generated:
        /home/tiger/triton/report11.nsys-rep
        /home/tiger/triton/report11.sqlite